// Jest Snapshot v1, https://goo.gl/fbAQLP

exports[`Menu: render correctly 1`] = `
<div
  className="menu"
>
  <span
    aria-label="info-circle"
    className="anticon anticon-info-circle info-menu"
    onClick={[Function]}
    role="img"
    tabIndex={-1}
  >
    <svg
      aria-hidden="true"
      className=""
      data-icon="info-circle"
      fill="currentColor"
      focusable="false"
      height="1em"
      viewBox="64 64 896 896"
      width="1em"
    >
      <path
        d="M512 64C264.6 64 64 264.6 64 512s200.6 448 448 448 448-200.6 448-448S759.4 64 512 64zm32 664c0 4.4-3.6 8-8 8h-48c-4.4 0-8-3.6-8-8V456c0-4.4 3.6-8 8-8h48c4.4 0 8 3.6 8 8v272zm-32-344a48.01 48.01 0 010-96 48.01 48.01 0 010 96z"
      />
    </svg>
  </span>
  <p
    onClick={[Function]}
  >
    Cristian Maschio
  </p>
  <ul>
    <li>
      <a
        href="#test"
      >
        test
      </a>
    </li>
    <li>
      <a
        href="#test1"
      >
        test1
      </a>
    </li>
  </ul>
</div>
`;
